	Command being timed: "${REMOTE_WORKDIR}/venv/bin/python scripts/robot_data_smoke.py --root ${REMOTE_WORKDIR}/real-libero --output ${REMOTE_WORKDIR}/pretrained7b-smoke --pretrained ${REMOTE_WORKDIR}/pretrained-openvla7b --base-role pretrained --image-size 224 --precision bf16"
	User time (seconds): 2091.34
	System time (seconds): 57.88
	Percent of CPU this job got: 193%
	Elapsed (wall clock) time (h:mm:ss or m:ss): 18:32.82
	Average shared text size (kbytes): 0
	Average unshared data size (kbytes): 0
	Average stack size (kbytes): 0
	Average total size (kbytes): 0
	Maximum resident set size (kbytes): 17772860
	Average resident set size (kbytes): 0
	Major (requiring I/O) page faults: 17017
	Minor (reclaiming a frame) page faults: 19451785
	Voluntary context switches: 116863
	Involuntary context switches: 10486
	Swaps: 0
	File system inputs: 24353952
	File system outputs: 1009536
	Socket messages sent: 0
	Socket messages received: 0
	Signals delivered: 0
	Page size (bytes): 4096
	Exit status: 0
